// Jest Snapshot v1, https://goo.gl/fbAQLP

exports[`mathes snapshot 1`] = `
<DocumentFragment>
  <div>
    <div
      style="height: 5em; width: 5em; background-color: blue;"
    />
    <button>
      Remove The Box!
    </button>
  </div>
</DocumentFragment>
`;
